https://www.youtube.com/@_JohnHammond
https://www.youtube.com/@DrEricCole
https://www.youtube.com/@SecurityWeekly
https://www.youtube.com/@Tanium_Inc
https://www.youtube.com/@HardwareCanucks
https://www.youtube.com/@ShannonMorse
https://www.youtube.com/@SANSInstitute
https://www.youtube.com/@BlackHillsInformationSecurity
https://www.youtube.com/@TechLead
https://www.youtube.com/@ProgrammingKnowledge
https://www.youtube.com/@TCMSecurityAcademy
https://www.youtube.com/@allthingsreversed
https://www.youtube.com/@BlackHatOfficialYT
https://www.youtube.com/@fknight
https://www.youtube.com/@TheMorpheusTutorials
https://www.youtube.com/@SAINTCON
https://www.youtube.com/@BittenTech
https://www.youtube.com/@codebasics
https://www.youtube.com/@GOTO-
https://www.youtube.com/@Underscore_
https://www.youtube.com/@InfosecTrain
https://www.youtube.com/@masterchieff-j6s
https://www.youtube.com/@dotnet
https://www.youtube.com/@GrahamCluleyCom
https://www.youtube.com/@Tunisian-UL
https://www.youtube.com/@JupiterBroadcasting
https://www.youtube.com/@professormesser
https://www.youtube.com/@MrInstructionPointerOfficial
https://www.youtube.com/@hak5
https://www.youtube.com/@EkopartyConference
https://www.youtube.com/@NetworkChuck
https://www.youtube.com/@BFreshHB
https://www.youtube.com/@MentalOutlaw
https://www.youtube.com/@jiejenn
https://www.youtube.com/@ETHGlobal
https://www.youtube.com/@programmingwithmosh
https://www.youtube.com/@arthursalmon3414
https://www.youtube.com/@ShopNo2Vn
https://www.youtube.com/@TheXSSrat
https://www.youtube.com/@mediacccde
https://www.youtube.com/@MicrosoftDeveloper
https://www.youtube.com/@TheCodingTrain
https://www.youtube.com/@peplink
https://www.youtube.com/@JuniperNetworks
https://www.youtube.com/@Junior-Hassen73
https://www.youtube.com/@itskanekilol
https://www.youtube.com/@Blxph3my
https://www.youtube.com/@flashbots
https://www.youtube.com/@hunterx_club
https://www.youtube.com/@BoucedraPodcastbyimpact
https://www.youtube.com/@muhammedtalaat3814
https://www.youtube.com/@SISIFOUA
https://www.youtube.com/@RanaKhalil101
https://www.youtube.com/@JoeGrand
https://www.youtube.com/@natem135yt
https://www.youtube.com/@secright
https://www.youtube.com/@number0x01
https://www.youtube.com/@S2eedGH
https://www.youtube.com/@alihacks8996
https://www.youtube.com/@carlislemc
https://www.youtube.com/@MalGamy
https://www.youtube.com/@metacom_lab
https://www.youtube.com/@farisfaisall5564
https://www.youtube.com/@NYUCyFor
https://www.youtube.com/@jameelnabbo7508
https://www.youtube.com/@blondiebytes
https://www.youtube.com/@DuckademyITcourses
https://www.youtube.com/@ArishtiLive
https://www.youtube.com/@sourcemeetssink2073
https://www.youtube.com/@YaksasSecurity
https://www.youtube.com/@techyer8085
https://www.youtube.com/@madgeeks8638
https://www.youtube.com/@gtg051x
https://www.youtube.com/@MPICTCenter
https://www.youtube.com/@SECARMY
https://www.youtube.com/@InfoSect
https://www.youtube.com/@iSecur1tycommunity
https://www.youtube.com/@t3jv1l37
https://www.youtube.com/@cyberv1s3r1on3
https://www.youtube.com/@0x4ndr3
https://www.youtube.com/@zdresearch
https://www.youtube.com/@OffSecTraining
https://www.youtube.com/@BugTestLab
https://www.youtube.com/@BSidesKC
https://www.youtube.com/@dayzerosec
https://www.youtube.com/@fbogner213
https://www.youtube.com/@%D8%A3%D9%85%D9%86%D8%A7%D9%84%D9%85%D8%B9%D9%84%D9%88%D9%85%D8%A7%D8%AA%D8%A8%D8%A7%D9%84%D8%B9%D8%B1%D8%A8%D9%8A
https://www.youtube.com/@0day622
https://www.youtube.com/@pythonauta7884
https://www.youtube.com/@guiaanonimactf
https://www.youtube.com/@guianonima
https://www.youtube.com/@pulik_io
https://www.youtube.com/@mastersinethicalhacking
https://www.youtube.com/@Hacoders
https://www.youtube.com/@SunnyDimalu
https://www.youtube.com/@DazReveals
https://www.youtube.com/@therceman
https://www.youtube.com/@bugbountyspain
https://www.youtube.com/@bugbountypoc8500
https://www.youtube.com/@bugbountypocs
https://www.youtube.com/@bugbountypocdisclosure
https://www.youtube.com/@hackerenv4200
https://www.youtube.com/@GISPPACADEMY
https://www.youtube.com/@mina_ashraf
https://www.youtube.com/@Squnity
https://www.youtube.com/@MGRITDepartment
https://www.youtube.com/@yasserkhodary
https://www.youtube.com/@RedTeamVillage
https://www.youtube.com/@DissectMalware
https://www.youtube.com/@SearchandHack
https://www.youtube.com/@ahmedskasmani
https://www.youtube.com/@AndreaAmani
https://www.youtube.com/@BlackPerl
https://www.youtube.com/@andymarks3970
https://www.youtube.com/@irongeek
https://www.youtube.com/@MicrosoftResearch
https://www.youtube.com/@koenigsolution
https://www.youtube.com/@TekDefense
https://www.youtube.com/@MalfindLabs
https://www.youtube.com/@tlinatutorials
https://www.youtube.com/@codercety7264
https://www.youtube.com/@RSASSLVisibilityBlueCoatBestEn
https://www.youtube.com/@programmingwizard1553
https://www.youtube.com/@SecurityBreak
https://www.youtube.com/@sekurenet3827
https://www.youtube.com/@CyberCode0
https://www.youtube.com/@abdelrahmaneldawi1377
https://www.youtube.com/@THExBOSSxKSA
https://www.youtube.com/@ReversingHub
https://www.youtube.com/@THeffectivetutorials
https://www.youtube.com/@reverseengineeringessentia7032
https://www.youtube.com/@reverseengineer7752
https://www.youtube.com/@reverseengineering2085
https://www.youtube.com/@reverseengineeringengineer3958
https://www.youtube.com/@ReverseEngineeringcom
https://www.youtube.com/@reverseengineering411
https://www.youtube.com/@reverseengineering2943
https://www.youtube.com/@reverseengineering
https://www.youtube.com/@RahulApkEditorPro
https://www.youtube.com/@h3xvideos869
https://www.youtube.com/@CryptoWare
https://www.youtube.com/@Hakin9Media
https://www.youtube.com/@cyberguardsschool2696
https://www.youtube.com/@isacfoundation
https://www.youtube.com/@FantasM
https://www.youtube.com/@foolsofsecurity7526
https://www.youtube.com/@zygosec1426
https://www.youtube.com/@ieeeeuropeansymposiumonsec611
https://www.youtube.com/@ReversingLabs
https://www.youtube.com/@Bollejef
https://www.youtube.com/@androidbugbounty-thehackti7851
https://www.youtube.com/@ImmersiveLabs
https://www.youtube.com/@ByteTheories
https://www.youtube.com/@dotb0rya331
https://www.youtube.com/@intelarchives8884
https://www.youtube.com/@Decrypt3r
https://www.youtube.com/@hacklikeapt41
https://www.youtube.com/@ECAPAC
https://www.youtube.com/@hackinparis
https://www.youtube.com/@nextsecurity9546
https://www.youtube.com/@cybersec_ucalgary
https://www.youtube.com/@sir-_-mageland6445
https://www.youtube.com/@MrHardik05
https://www.youtube.com/@essentialinfosec
https://www.youtube.com/@tutorialboy24
https://www.youtube.com/@PancakesCon
https://www.youtube.com/@MalwareWerewolf
https://www.youtube.com/@InfoSecAddicts
https://www.youtube.com/@ColemanKane42
https://www.youtube.com/@uolcybersoc8976
https://www.youtube.com/@morpheusdotcom9819
https://www.youtube.com/@smtcenter
https://www.youtube.com/@ctfbanglatutorial9535
https://www.youtube.com/@Tetrane
https://www.youtube.com/@WyattTauber
https://www.youtube.com/@kodbitz
https://www.youtube.com/@LeetCipher
https://www.youtube.com/@tourpran
https://www.youtube.com/@UrielKosayev
https://www.youtube.com/@VikramSalunke
https://www.youtube.com/@cloudixGloEdu
https://www.youtube.com/@zeroday5854
https://www.youtube.com/@rtfmsigsegv1583
https://www.youtube.com/@ipseclabs
https://www.youtube.com/@BSidesOslo
https://www.youtube.com/@candanbolukbas
https://www.youtube.com/@i_am_ahacker
https://www.youtube.com/@joxeankoret
https://www.youtube.com/@cyberdemo
https://www.youtube.com/@KyrionTechnologies
https://www.youtube.com/@latechace
https://www.youtube.com/@valhalla_dev
https://www.youtube.com/@Theillegalhacker7
https://www.youtube.com/@arnotic9304
https://www.youtube.com/@PaloAltoNetworksUnit42
https://www.youtube.com/@ReverseiTX
https://www.youtube.com/@CyberSecPeople
https://www.youtube.com/@LNKinfosec
https://www.youtube.com/@DuMpGuYTrIcKsTeR
https://www.youtube.com/@dev7935
https://www.youtube.com/@HEXORCIST
https://www.youtube.com/@malwarereverseengineeringt6690
https://www.youtube.com/@perito.brunoalves
https://www.youtube.com/@Cyber51Security
https://www.youtube.com/@SySSPentestTV
https://www.youtube.com/@BelajarPentest
https://www.youtube.com/@magicpentestingth1316
https://www.youtube.com/@pentestarticles950
https://www.youtube.com/@PentestsandTech
https://www.youtube.com/@PentestLaboratories
https://www.youtube.com/@pentestschool1590
https://www.youtube.com/@pentestsecurity4314
https://www.youtube.com/@PentestToolscom
https://www.youtube.com/@DaVinciCoders
https://www.youtube.com/@0dayexploits432
https://www.youtube.com/@backmask2341
https://www.youtube.com/@trillium-multisploittools3896
https://www.youtube.com/@commonexploits
https://www.youtube.com/@Xsisful
https://www.youtube.com/@securitycast
https://www.youtube.com/@cienciahacker
https://www.youtube.com/@MstutoriallBlogspotBr
https://www.youtube.com/@PentestBrasil
https://www.youtube.com/@Japtron
https://www.youtube.com/@BasteG0d69
https://www.youtube.com/@egyhsell
https://www.youtube.com/@bitinvestors4940
https://www.youtube.com/@markloman
https://www.youtube.com/@yunkerscrew8798
https://www.youtube.com/@protocoleight877
https://www.youtube.com/@KangHacking
https://www.youtube.com/@0xd3vil
https://www.youtube.com/@TioSamCLSecurity
https://www.youtube.com/@MakiseKurisuLearning
https://www.youtube.com/@CyberSmartDefence
https://www.youtube.com/@tang0d0wncharl13br0w
https://www.youtube.com/@wowzataz
https://www.youtube.com/@varun0day657
https://www.youtube.com/@iCrackUriDevice
https://www.youtube.com/@dmitrimendeleev653
https://www.youtube.com/@cwinfosec
https://www.youtube.com/@nullbrainshop
https://www.youtube.com/@tinkerforge42
https://www.youtube.com/@ActiveCountermeasures
https://www.youtube.com/@4utechsolutions734
https://www.youtube.com/@mayaseven
https://www.youtube.com/@talksdump1104
https://www.youtube.com/@radwanovetch3434
https://www.youtube.com/@ExploiteeRs
https://www.youtube.com/@PearCrew
https://www.youtube.com/@7MinuteSecurity
https://www.youtube.com/@SecurityFWD
https://www.youtube.com/@ElectricalPro
https://www.youtube.com/@Cyberspatial
https://www.youtube.com/@TechGuyLabs
https://www.youtube.com/@GoogleCyberSecurity
https://www.youtube.com/@redteamusa
https://www.youtube.com/@EverleaGroup
https://www.youtube.com/@hackershack
https://www.youtube.com/@thenewboston
https://www.youtube.com/@dusanpetrovic2329
https://www.youtube.com/@thehackerish
https://www.youtube.com/@KringleCon
https://www.youtube.com/@NETVN82
https://www.youtube.com/@HackeXPlorer
https://www.youtube.com/@WireSharkFest
https://www.youtube.com/@CosmodiumCS
https://www.youtube.com/@ITSecurityLabs
https://www.youtube.com/@VMwareAdvisor
https://www.youtube.com/@zVxSolo
https://www.youtube.com/@AxiomSecurityLabs
https://www.youtube.com/@hackzzonpentestingandsecur3542
https://www.youtube.com/@NehalJWani
https://www.youtube.com/@K4linux
https://www.youtube.com/@YassineSadellah
https://www.youtube.com/@CoreBinary
https://www.youtube.com/@IronboltSecurity
https://www.youtube.com/@websecnow
https://www.youtube.com/@NetSecNow
https://www.youtube.com/@OPSWATAcademy
https://www.youtube.com/@HackerznoteBlogspot
https://www.youtube.com/@NetcladSecurity
https://www.youtube.com/@prowsetech
https://www.youtube.com/@Snypter
https://www.youtube.com/@guide2hacker970
https://www.youtube.com/@GeeksLesson
https://www.youtube.com/@SemiYulianto
https://www.youtube.com/@BsidesdcOrg
https://www.youtube.com/@KeithBarker
https://www.youtube.com/@kilroyrhere
https://www.youtube.com/@shafi7567
https://www.youtube.com/@SimpleSecurity
https://www.youtube.com/@BugBountyReportsExplained
https://www.youtube.com/@LoiLiangYang
https://www.youtube.com/@Itcareerquestions
https://www.youtube.com/@LeoDregierTheCodeOfLearning
https://www.youtube.com/@ChrisHaralson
https://www.youtube.com/@Hax0rMagee
https://www.youtube.com/@bhargavtandel
https://www.youtube.com/@LearningLolly
https://www.youtube.com/@reconless
https://www.youtube.com/@DEFCONConference
https://www.youtube.com/@kirk-owasp
https://www.youtube.com/@JesseKurrus
https://www.youtube.com/@intection2854
https://www.youtube.com/@TheMame82
https://www.youtube.com/@Kaspersky
https://www.youtube.com/@OWASPGLOBAL
https://www.youtube.com/@samykamkar
https://www.youtube.com/@syscan3236
https://www.youtube.com/@IOActive
https://www.youtube.com/@ChRiStIaAn008
https://www.youtube.com/@kernelmeltdown7687
https://www.youtube.com/@genxweb
https://www.youtube.com/@braussenremi5652
https://www.youtube.com/@uniqueclipsandshorts
https://www.youtube.com/@grindocboy
https://www.youtube.com/@GauravKumar-ug4np
https://www.youtube.com/@HakerEduPL_official
https://www.youtube.com/@bsloanwv
https://www.youtube.com/@Tech69YT
https://www.youtube.com/@OfficialPackt
https://www.youtube.com/@HassanSaad0X
https://www.youtube.com/@sinsinsecurityfa666
https://www.youtube.com/@programmingisalife689
https://www.youtube.com/@mtiaret
https://www.youtube.com/@HackWizFlEx
https://www.youtube.com/@rootacadeemy
https://www.youtube.com/@sreisjr
https://www.youtube.com/@stevecampbell8697
https://www.youtube.com/@BillyEllis
https://www.youtube.com/@objectiveseefoundation
https://www.youtube.com/@NDC
https://www.youtube.com/@osdcnordic7140
https://www.youtube.com/@BitsPlease
https://www.youtube.com/@bsidesleeds1246
https://www.youtube.com/@DebasishMandal
https://www.youtube.com/@bostoncybernetics407
https://www.youtube.com/@PopescuSorin
https://www.youtube.com/@nonamespace4670
https://www.youtube.com/@JamesTate
https://www.youtube.com/@jmarvelous912
https://www.youtube.com/@jstrosch
https://www.youtube.com/@AllHackingCons
https://www.youtube.com/@0xf0x
https://www.youtube.com/@DocMefistO
https://www.youtube.com/@TechnicalNavigator
https://www.youtube.com/@RANDASH
https://www.youtube.com/@motgamevn
https://www.youtube.com/@sentdex
https://www.youtube.com/@nguoitrongmuonnghe
https://www.youtube.com/@ccielabcenter2901
https://www.youtube.com/@HackersOnBoard
https://www.youtube.com/@BeyondLimitsSpi
https://www.youtube.com/@security365
https://www.youtube.com/@BalancewithChi
https://www.youtube.com/@cionevietnam
https://www.youtube.com/@noisyhacker
https://www.youtube.com/@HackerStation
https://www.youtube.com/@hardweario
https://www.youtube.com/c/CLBL%E1%BA%ADpTr%C3%ACnhFullHouse
https://www.youtube.com/@nvh_studio
https://www.youtube.com/@MacAdmins
https://www.youtube.com/@kileak5447
https://www.youtube.com/@HackerWarehouse
https://www.youtube.com/@nghichmaytinh
https://www.youtube.com/@TQKoKiemDuyet
https://www.youtube.com/@ParrotSecurity
https://www.youtube.com/@OSINTCurious
https://www.youtube.com/@OrangSiber
https://www.youtube.com/@TheHacktivists
https://www.youtube.com/@InformationSecurityNewspaper
https://www.youtube.com/@PortSwiggerTV
https://www.youtube.com/@44contv
https://www.youtube.com/@BackToBackSWE
https://www.youtube.com/@HackUCF
https://www.youtube.com/@SecurityNinja
https://www.youtube.com/@geekscoders1689
https://www.youtube.com/@Whitehatsec
https://www.youtube.com/@WhiteHatCalPoly
https://www.youtube.com/@binaryz0ne
https://www.youtube.com/@forogh25
https://www.youtube.com/@hackaday
https://www.youtube.com/@simplyexplained
https://www.youtube.com/@safecodeforum4998
https://www.youtube.com/@0xspSRD
https://www.youtube.com/@Tamilbotnet22
https://www.youtube.com/@PapersWeLove
https://www.youtube.com/@howCode
https://www.youtube.com/@Xploitacademy
https://www.youtube.com/@TunaGamingvn
https://www.youtube.com/@Delphipracticalschool
https://www.youtube.com/@WhatsACreel
https://www.youtube.com/@MyCS1
https://www.youtube.com/@FarahHawa
https://www.youtube.com/@CleverProgrammer
https://www.youtube.com/@brucontalks
https://www.youtube.com/@Stevesteacher
https://www.youtube.com/@TesterPRO
https://www.youtube.com/@EngineerMan
https://www.youtube.com/@AwesomeRestorations
https://www.youtube.com/@CobaltIo
https://www.youtube.com/@OpenSecurityTraining
https://www.youtube.com/@247CTF
https://www.youtube.com/@snewsvn
https://www.youtube.com/@PaulChin20
https://www.youtube.com/@MrKhann
https://www.youtube.com/@devnami
https://www.youtube.com/@Indently
https://www.youtube.com/@SiamAlamOfficial
https://www.youtube.com/@HackersOnlineClubOfficial
https://www.youtube.com/@CoderLangThang
https://www.youtube.com/@nowwear.official
https://www.youtube.com/@sajibmodak3449
https://www.youtube.com/@LearnLinuxTV
https://www.youtube.com/@w3w3w3
https://www.youtube.com/@dulybon
https://www.youtube.com/@Nerdslesson
https://www.youtube.com/@trungtamcitdcacbaigianghan6927
https://www.youtube.com/@WandersonItsMe
https://www.youtube.com/@TrapMasterBeats
https://www.youtube.com/@OpenSecuritySummit
https://www.youtube.com/@jsconf_
https://www.youtube.com/@Dronebotworkshop
https://www.youtube.com/@thanquangkhoat4070
https://www.youtube.com/@CODEBLUE_jp
https://www.youtube.com/@CybraryIt
https://www.youtube.com/@TheSEICMU
https://www.youtube.com/@kalilinux2024
https://www.youtube.com/@cyberkrypts
https://www.youtube.com/@fribourglinuxseminar
https://www.youtube.com/@EthicalHackersClub
https://www.youtube.com/@chrisdietrichwhs
https://www.youtube.com/@BSidesSATX
https://www.youtube.com/@DavidDavisMr3moons
https://www.youtube.com/@SuperPatQC
https://www.youtube.com/@Orphan_X
https://www.youtube.com/@areyou1or0
https://www.youtube.com/@advancedsecuritytraining
https://www.youtube.com/@arcade-cabinets
https://www.youtube.com/@krah8052
https://www.youtube.com/@gamozolabs
https://www.youtube.com/@archcloudlabs
https://www.youtube.com/@0x41414141
https://www.youtube.com/@jay-jennings
https://www.youtube.com/@WyattNeal
https://www.youtube.com/@0x6d696368
https://www.youtube.com/@ConsoleCowboys
https://www.youtube.com/@WhiteHat0
https://www.youtube.com/@ragnarsecurity2411
https://www.youtube.com/@RCE-With-Peter
https://www.youtube.com/@shravantv9562
https://www.youtube.com/@Gota7
https://www.youtube.com/@boyfromfuture69
https://www.youtube.com/@realhackerhours8602
https://www.youtube.com/@TechnicalBot
https://www.youtube.com/@cerberolabs
https://www.youtube.com/@hitbsecconf
https://www.youtube.com/@blundelnyt
https://www.youtube.com/@ME3WarrantyVoider
https://www.youtube.com/@NateSinger
https://www.youtube.com/@hackerassociate
https://www.youtube.com/@ozdenercin
https://www.youtube.com/@MeowCyberSecurityClassroom
https://www.youtube.com/@sinistergeek
https://www.youtube.com/@Umar0x01
https://www.youtube.com/@ColinOFlynn
https://www.youtube.com/@ZCliffeSchreuders
https://www.youtube.com/@h0x91B
https://www.youtube.com/@SoonerBourneLive
https://www.youtube.com/@rodprogramdev9253
https://www.youtube.com/@HackOvert
https://www.youtube.com/@stryker2k2
https://www.youtube.com/@AGDCServices
https://www.youtube.com/@MichaelJenkin
https://www.youtube.com/@Kernelcon
https://www.youtube.com/@MadrasaTechOfficial
https://www.youtube.com/@wakedxy
https://www.youtube.com/@HackinGeeK
https://www.youtube.com/@martysmith7651
https://www.youtube.com/@neddev2990
https://www.youtube.com/@zSecurity
https://www.youtube.com/@hackthehacker1592
https://www.youtube.com/@D3fconNull
https://www.youtube.com/@awakengaming
https://www.youtube.com/@scottreynolds3569
https://www.youtube.com/@PentesterAcademyTV
https://www.youtube.com/@MALWARELATINO
https://www.youtube.com/@sammychuks3218
https://www.youtube.com/@strbyt
https://www.youtube.com/@mohamedelniaamaOfficial
https://www.youtube.com/@ContractHacker
https://www.youtube.com/@pentestdiaries
https://www.youtube.com/@PlurBomberz
https://www.youtube.com/@TheHustlerali
https://www.youtube.com/@OfficialRapid7
https://www.youtube.com/@CobaltStrikeArchive
https://www.youtube.com/@PurpleSec
https://www.youtube.com/@ddanchev
https://www.youtube.com/@owasptunisiachapter4108
https://www.youtube.com/@eray4153
https://www.youtube.com/@clipedia
https://www.youtube.com/@Revisionsbac
https://www.youtube.com/c/LeBacFran%C3%A7ais
https://www.youtube.com/@YMONKA
https://www.youtube.com/@lesbonsprofs
https://www.youtube.com/@Ph33rz
https://www.youtube.com/@MichelvanBiezen
https://www.youtube.com/@TheCyberLab
https://www.youtube.com/@VeracodeInc
https://www.youtube.com/@governinggoliath2089
https://www.youtube.com/@webroot
https://www.youtube.com/@TheCyberChronicle
https://www.youtube.com/@Malware-geek
https://www.youtube.com/@BSidesSF
https://www.youtube.com/@SecuritybsidesOrgUk
https://www.youtube.com/@rootedconmadrid
https://www.youtube.com/@KindredSecurity
https://www.youtube.com/@RingZeroLabs
https://www.youtube.com/@mobilehacker
https://www.youtube.com/@13Cubed
https://www.youtube.com/@GiveAcademy
https://www.youtube.com/@SANSForensics
https://www.youtube.com/@cybercdh
https://www.youtube.com/@Pc-threats
https://www.youtube.com/@malware
https://www.youtube.com/@malware2695
https://www.youtube.com/@MalwareGuruYT
https://www.youtube.com/@MalwareResearchAcademy
https://www.youtube.com/@malware1337
https://www.youtube.com/@Malwareraids
https://www.youtube.com/@malware1262
https://www.youtube.com/@virusmalware5332
https://www.youtube.com/@malware8458
https://www.youtube.com/@malware8431
https://www.youtube.com/@Malwar
https://www.youtube.com/@MALWAREPRODUCTION
https://www.youtube.com/@amorphou5
https://www.youtube.com/@malware8561
https://www.youtube.com/@MATHSDNA
https://www.youtube.com/@tusharroy2525
https://www.youtube.com/@zachstar
https://www.youtube.com/@Thomasfrank
https://www.youtube.com/@KitbogaShow
https://www.youtube.com/@CompilerStuck
https://www.youtube.com/channel/UC-N07XyQjIZq4qz81v7X3lA
https://www.youtube.com/@AlgorithmswithAttitude
https://www.youtube.com/@bioinfalgorithms
https://www.youtube.com/@StevenSkiena
https://www.youtube.com/@algorithm8350
https://www.youtube.com/@Errichto
https://www.youtube.com/@vivekanandkhyade
https://www.youtube.com/@designandanalysisofalgorit4783
https://www.youtube.com/@abdul_bari
https://www.youtube.com/@WilliamFiset-videos
https://www.youtube.com/@algorithmsinarabic7310
https://www.youtube.com/@stanfordalgorithms2264
https://www.youtube.com/@AlgorithmsLive
https://www.youtube.com/@algorithmAcademy
https://www.youtube.com/@VChannelV5
https://www.youtube.com/@TheMITChallenge
https://www.youtube.com/@CristiVladZ
https://www.youtube.com/@Bugcrowd
https://www.youtube.com/@jhaddix
https://www.youtube.com/@SANSOffensiveOperations
https://www.youtube.com/@NakerahNetwork
https://www.youtube.com/@RealCyberDefenders
https://www.youtube.com/@InjectionSec
https://www.youtube.com/@yaworsk1
https://www.youtube.com/@Zigoo0
https://www.youtube.com/@bengrewell
https://www.youtube.com/@MotasemHamdan
https://www.youtube.com/@everyoneschannel1009
https://www.youtube.com/@Muhammad_Hamouda
https://www.youtube.com/@ElectricalEngineeringAuthority
https://www.youtube.com/@ElecEngineer
https://www.youtube.com/@EngineeringMindset
https://www.youtube.com/@digitalmarkon
https://www.youtube.com/@electricalengineering5740
https://www.youtube.com/@dexsilicium
https://www.youtube.com/@bigm8872
https://www.youtube.com/@SecurityObscurity
https://www.youtube.com/@HackhappyOrg
https://www.youtube.com/@MalwareTechBlog
https://www.youtube.com/@Sofian_Attallah
https://www.youtube.com/@FathiAlamre
https://www.youtube.com/@mskaleia
https://www.youtube.com/@HatunTashDCCIMinistries
https://www.youtube.com/@ExtraBisqwit
https://www.youtube.com/@stacksmashing
https://www.youtube.com/@ExplainingComputers
https://www.youtube.com/@SabinCivil
https://www.youtube.com/@Pwnieexpress
https://www.youtube.com/@AnsonAlexander
https://www.youtube.com/@youkon127
https://www.youtube.com/@TechRaj156
https://www.youtube.com/@techchipnet
https://www.youtube.com/@realchrishawkes
https://www.youtube.com/@HiteshCodeLab
https://www.youtube.com/@academind
https://www.youtube.com/@CodingTech
https://www.youtube.com/@soul9570
https://www.youtube.com/@STOKfredrik
https://www.youtube.com/@ippsec
https://www.youtube.com/@MurmusCTF
https://www.youtube.com/@DerekRook
https://www.youtube.com/@GynvaelEN
https://www.youtube.com/@ZetaTwo
https://www.youtube.com/@Bisqwit
https://www.youtube.com/@chmodxx
https://www.youtube.com/@PwnFunction
https://www.youtube.com/@MalwareAnalysisForHedgehogs
https://www.youtube.com/@weastie8292
https://www.youtube.com/@hasherezade
https://www.youtube.com/@LiveOverflow
https://www.youtube.com/@DarrenKitchen
https://www.youtube.com/@tamilbotnet
